// Jest Snapshot v1, https://goo.gl/fbAQLP

exports[`it displays the correct footer items 1`] = `
<div
  className="footer-wrapper"
>
  <div
    className="ui inverted vertical segment ioc-footer"
  >
    <div
      className="ui container center aligned"
    >
      <div
        className="footer-img-wrapper"
      >
        <img
          alt={undefined}
          className="ui centered image footer-img"
          height={undefined}
          src="test-file-stub"
          width={undefined}
        />
      </div>
      <div
        className="ui divided horizontal inverted link relaxed list"
        role="list"
      >
        <a
          className="footer-link"
          href="/"
          onClick={[Function]}
        >
          Home
        </a>
        <a
          className="footer-link"
          href="/user"
          onClick={[Function]}
        >
          My Profile
        </a>
        <a
          className="footer-link"
          href="/features"
          onClick={[Function]}
        >
          How it works
        </a>
        <a
          className="footer-link"
          href="/purchase"
          onClick={[Function]}
        >
          Get the Internet of Creativity
        </a>
      </div>
    </div>
  </div>
</div>
`;
