// Jest Snapshot v1, https://goo.gl/fbAQLP

exports[`it displays the correct navigation items 1`] = `
<div
  className="ui text container"
>
  <div
    className="ui pointing secondary menu"
  >
    <a
      className="item"
      href="/"
      onClick={[Function]}
    >
      home
    </a>
    <div
      className="right menu"
    >
      <a
        className="item"
        href="/sign-in"
        onClick={[Function]}
      >
        sign in
      </a>
      <a
        className="item"
        href="/sign-up"
        onClick={[Function]}
      >
        sign up
      </a>
    </div>
  </div>
</div>
`;
